// Jest Snapshot v1, https://goo.gl/fbAQLP

exports[`Snapshot Test: Contact Form 1`] = `
<nav
  className="css-23iqwz-Nav"
>
  <ul
    className="css-rk3qdn-Nav"
  >
    <li>
      <a
        className="css-r5wu0g"
        href="path/to/page/one"
      >
        <span
          className="css-r5wu0g"
        >
          <a
            className="css-8mhfhs-Text"
          >
            Page One
          </a>
        </span>
      </a>
    </li>
    <li>
      <a
        className="css-r5wu0g"
        href="path/to/page/two"
      >
        <span
          className="css-r5wu0g"
        >
          <a
            className="css-8mhfhs-Text"
          >
            Page Two
          </a>
        </span>
      </a>
    </li>
  </ul>
</nav>
`;
