// Jest Snapshot v1, https://goo.gl/fbAQLP

exports[`Snapshot Test: Contact Form 1`] = `
<div>
  <nav
    class="css-23iqwz-Nav"
  >
    <ul
      class="css-rk3qdn-Nav"
    >
      <li>
        <a
          class="css-r5wu0g"
          href="path/to/page/one"
        >
          <span
            class="css-r5wu0g"
          >
            <p
              class="css-8mhfhs-Text"
            >
              Page One
            </p>
          </span>
        </a>
      </li>
      <li>
        <a
          class="css-r5wu0g"
          href="path/to/page/two"
        >
          <span
            class="css-r5wu0g"
          >
            <p
              class="css-8mhfhs-Text"
            >
              Page Two
            </p>
          </span>
        </a>
      </li>
    </ul>
  </nav>
</div>
`;
